2025-01-25 17:51:25,229 - telegram_bot - DEBUG - debug
2025-01-25 18:02:22,084 - telegram_bot - DEBUG - debug
2025-01-25 18:06:36,608 - telegram_bot - INFO - Bot started
2025-01-25 18:55:44,230 - telegram_bot - INFO - Bot started
2025-01-25 18:56:09,473 - telegram_bot - INFO - 618400118 danila_in Danila Beskrokov создал qr-код')
2025-01-25 18:56:19,255 - telegram_bot - INFO - danila_in - hjhjhjh1
2025-01-25 21:28:35,913 - telegram_bot - INFO - Bot started
2025-01-25 21:28:35,913 - telegram_bot - INFO - Bot started
2025-01-25 21:29:29,544 - telegram_bot - INFO - Bot started
2025-01-25 21:29:29,544 - telegram_bot - INFO - Bot started
2025-01-25 21:33:28,805 - telegram_bot - INFO - Bot started
2025-01-25 21:33:28,805 - telegram_bot - INFO - Bot started
2025-01-25 21:33:44,129 - telegram_bot - INFO - Bot started
2025-01-25 21:33:44,129 - telegram_bot - INFO - Bot started
2025-01-25 21:34:13,062 - telegram_bot - INFO - Bot started
2025-01-25 21:34:13,062 - telegram_bot - INFO - Bot started
2025-01-25 21:35:06,831 - telegram_bot - INFO - danila_in - gfgfg
2025-01-25 21:35:06,831 - telegram_bot - INFO - danila_in - gfgfg
2025-01-25 21:40:59,311 - telegram_bot - INFO - Bot started
2025-01-25 21:40:59,311 - telegram_bot - INFO - Bot started
2025-01-25 21:43:06,937 - telegram_bot - INFO - Bot started logging_config.py:35
2025-01-25 21:43:06,937 - telegram_bot - INFO - Bot started logging_config.py:35
2025-01-25 21:46:00,065 - telegram_bot - INFO - Bot started logging_config.py:36
2025-01-25 21:46:00,065 - telegram_bot - INFO - Bot started logging_config.py:36
2025-01-25 21:48:35,215 - telegram_bot - INFO - Bot started logging_config.py:36
2025-01-25 21:48:35,215 - telegram_bot - INFO - Bot started logging_config.py:36
2025-01-25 22:00:57,853 - telegram_bot - INFO - Bot started logging_config.py:36
2025-01-25 22:00:57,853 - telegram_bot - INFO - Bot started logging_config.py:36
2025-01-25 22:01:08,977 - telegram_bot - INFO - danila_in - /star logging_config.py:36
2025-01-25 22:01:08,977 - telegram_bot - INFO - danila_in - /star logging_config.py:36
2025-01-25 22:01:15,679 - telegram_bot - INFO - Получено id изображения data/photo/image_small_prince_look_for_qr.jpg logging_config.py:36
2025-01-25 22:01:15,679 - telegram_bot - INFO - Получено id изображения data/photo/image_small_prince_look_for_qr.jpg logging_config.py:36
2025-01-25 22:02:54,868 - telegram_bot - INFO - Bot started logging_config.py:36
2025-01-25 22:02:54,868 - telegram_bot - INFO - Bot started logging_config.py:36
2025-01-25 22:03:00,008 - telegram_bot - INFO - Получено id изображения data/photo/image_small_prince_look_for_qr.jpg logging_config.py:36
2025-01-25 22:03:00,008 - telegram_bot - INFO - Получено id изображения data/photo/image_small_prince_look_for_qr.jpg logging_config.py:36
2025-01-25 22:05:37,965 - telegram_bot - INFO - Bot started logging_config.py:36
2025-01-25 22:05:37,965 - telegram_bot - INFO - Bot started logging_config.py:36
2025-01-25 22:05:39,005 - telegram_bot - INFO - Получено id изображения data/photo/small_prince_look_for_qr.jpg logging_config.py:36
2025-01-25 22:05:39,005 - telegram_bot - INFO - Получено id изображения data/photo/small_prince_look_for_qr.jpg logging_config.py:36
2025-01-25 22:07:48,663 - telegram_bot - INFO - Bot started logging_config.py:36
2025-01-25 22:07:48,663 - telegram_bot - INFO - Bot started logging_config.py:36
2025-01-25 22:07:55,274 - telegram_bot - INFO - Получено id изображения data/photo/small_prince_look_for_qr.jpg logging_config.py:36
2025-01-25 22:07:55,274 - telegram_bot - INFO - Получено id изображения data/photo/small_prince_look_for_qr.jpg logging_config.py:36
2025-01-25 22:07:57,625 - telegram_bot - INFO - Получено id изображения data/photo/small_prince.jpg logging_config.py:36
2025-01-25 22:07:57,625 - telegram_bot - INFO - Получено id изображения data/photo/small_prince.jpg logging_config.py:36
2025-01-25 22:07:57,779 - telegram_bot - INFO - danila_in - asdsad logging_config.py:36
2025-01-25 22:07:57,779 - telegram_bot - INFO - danila_in - asdsad logging_config.py:36
2025-01-25 22:08:00,852 - telegram_bot - INFO - danila_in - asdasd logging_config.py:36
2025-01-25 22:08:00,852 - telegram_bot - INFO - danila_in - asdasd logging_config.py:36
2025-01-25 22:37:14,257 - telegram_bot - INFO - Bot started logging_config.py:36
2025-01-25 22:37:14,257 - telegram_bot - INFO - Bot started logging_config.py:36
2025-01-25 22:37:28,819 - telegram_bot - INFO - Получено id изображения data/photo/small_prince_look_for_qr.jpg logging_config.py:36
2025-01-25 22:37:28,819 - telegram_bot - INFO - Получено id изображения data/photo/small_prince_look_for_qr.jpg logging_config.py:36
2025-01-26 14:05:03,366 - telegram_bot - INFO - Bot started logging_config.py:36
2025-01-26 14:08:52,070 - telegram_bot - INFO - Bot started logging_config.py:36
2025-01-26 14:09:00,918 - telegram_bot - INFO - Получено id изображения data/photo/small_prince_look_for_qr.jpg logging_config.py:36
2025-01-26 14:14:18,068 - telegram_bot - INFO - Bot started logging_config.py:36
